// Jest Snapshot v1, https://goo.gl/fbAQLP

exports[`Given a InfoBox component when it is rendered should match the snapshot 1`] = `
<styled.div>
  <h3>
    foo
  </h3>
  <styled.span>
    3
  </styled.span>
  <span>
    /
    10
  </span>
</styled.div>
`;
